mode: atomic
github.com/Razzle131/dungeon-challenge/adapters/printer/printer.go:11.24,13.2 1 0
github.com/Razzle131/dungeon-challenge/adapters/printer/printer.go:15.55,17.2 1 0
github.com/Razzle131/dungeon-challenge/adapters/printer/printer.go:19.52,21.2 1 0
github.com/Razzle131/dungeon-challenge/adapters/printer/printer.go:23.58,25.2 1 0
github.com/Razzle131/dungeon-challenge/adapters/printer/printer.go:27.56,29.2 1 0
github.com/Razzle131/dungeon-challenge/adapters/printer/printer.go:31.56,33.2 1 0
github.com/Razzle131/dungeon-challenge/adapters/printer/printer.go:35.56,37.2 1 0
github.com/Razzle131/dungeon-challenge/adapters/printer/printer.go:39.55,41.2 1 0
github.com/Razzle131/dungeon-challenge/adapters/printer/printer.go:43.51,45.2 1 0
github.com/Razzle131/dungeon-challenge/adapters/printer/printer.go:47.61,49.2 1 0
github.com/Razzle131/dungeon-challenge/adapters/printer/printer.go:51.53,53.2 1 0
github.com/Razzle131/dungeon-challenge/adapters/printer/printer.go:55.54,57.2 1 0
github.com/Razzle131/dungeon-challenge/adapters/printer/printer.go:59.59,61.2 1 0
github.com/Razzle131/dungeon-challenge/adapters/printer/printer.go:63.51,65.2 1 0
github.com/Razzle131/dungeon-challenge/adapters/printer/printer.go:67.61,69.2 1 0
github.com/Razzle131/dungeon-challenge/adapters/printer/printer.go:71.41,73.2 1 0
github.com/Razzle131/dungeon-challenge/adapters/printer/printer.go:75.56,83.2 1 0
github.com/Razzle131/dungeon-challenge/adapters/printer/printer.go:90.37,96.2 4 0
github.com/Razzle131/dungeon-challenge/config/config.go:25.41,27.16 2 0
github.com/Razzle131/dungeon-challenge/config/config.go:27.16,28.13 1 0
github.com/Razzle131/dungeon-challenge/config/config.go:30.2,34.16 4 0
github.com/Razzle131/dungeon-challenge/config/config.go:34.16,35.13 1 0
github.com/Razzle131/dungeon-challenge/config/config.go:38.2,39.16 2 0
github.com/Razzle131/dungeon-challenge/config/config.go:39.16,40.13 1 0
github.com/Razzle131/dungeon-challenge/config/config.go:43.2,48.3 1 0
github.com/Razzle131/dungeon-challenge/main.go:14.13,24.16 8 0
github.com/Razzle131/dungeon-challenge/main.go:24.16,25.13 1 0
github.com/Razzle131/dungeon-challenge/main.go:27.2,34.45 5 0
github.com/Razzle131/dungeon-challenge/adapters/players/players.go:14.35,18.2 1 0
github.com/Razzle131/dungeon-challenge/adapters/players/players.go:20.100,21.40 1 0
github.com/Razzle131/dungeon-challenge/adapters/players/players.go:21.40,23.3 1 0
github.com/Razzle131/dungeon-challenge/adapters/players/players.go:25.2,26.15 2 0
github.com/Razzle131/dungeon-challenge/adapters/players/players.go:29.88,30.41 1 0
github.com/Razzle131/dungeon-challenge/adapters/players/players.go:30.41,32.3 1 0
github.com/Razzle131/dungeon-challenge/adapters/players/players.go:34.2,35.12 2 0
github.com/Razzle131/dungeon-challenge/adapters/players/players.go:38.97,40.12 2 0
github.com/Razzle131/dungeon-challenge/adapters/players/players.go:40.12,42.3 1 0
github.com/Razzle131/dungeon-challenge/adapters/players/players.go:44.2,44.17 1 0
github.com/Razzle131/dungeon-challenge/adapters/players/players.go:47.82,49.30 2 0
github.com/Razzle131/dungeon-challenge/adapters/players/players.go:49.30,51.3 1 0
github.com/Razzle131/dungeon-challenge/adapters/players/players.go:53.2,53.50 1 0
github.com/Razzle131/dungeon-challenge/adapters/players/players.go:53.50,55.3 1 0
github.com/Razzle131/dungeon-challenge/adapters/players/players.go:57.2,57.12 1 0
github.com/Razzle131/dungeon-challenge/adapters/events/events.go:20.53,22.16 2 0
github.com/Razzle131/dungeon-challenge/adapters/events/events.go:22.16,24.3 1 0
github.com/Razzle131/dungeon-challenge/adapters/events/events.go:26.2,30.8 1 0
github.com/Razzle131/dungeon-challenge/adapters/events/events.go:33.44,34.39 1 0
github.com/Razzle131/dungeon-challenge/adapters/events/events.go:34.39,36.3 1 0
github.com/Razzle131/dungeon-challenge/adapters/events/events.go:39.62,40.22 1 0
github.com/Razzle131/dungeon-challenge/adapters/events/events.go:40.22,45.17 4 0
github.com/Razzle131/dungeon-challenge/adapters/events/events.go:45.17,47.4 1 0
github.com/Razzle131/dungeon-challenge/adapters/events/events.go:49.3,50.17 2 0
github.com/Razzle131/dungeon-challenge/adapters/events/events.go:50.17,52.4 1 0
github.com/Razzle131/dungeon-challenge/adapters/events/events.go:54.3,55.17 2 0
github.com/Razzle131/dungeon-challenge/adapters/events/events.go:55.17,57.4 1 0
github.com/Razzle131/dungeon-challenge/adapters/events/events.go:59.3,60.35 2 0
github.com/Razzle131/dungeon-challenge/adapters/events/events.go:60.35,62.4 1 0
github.com/Razzle131/dungeon-challenge/adapters/events/events.go:63.3,63.55 1 0
github.com/Razzle131/dungeon-challenge/adapters/events/events.go:63.55,65.4 1 0
github.com/Razzle131/dungeon-challenge/adapters/events/events.go:67.3,73.9 1 0
github.com/Razzle131/dungeon-challenge/adapters/events/events.go:76.2,76.43 1 0
github.com/Razzle131/dungeon-challenge/core/mocks/mock.go:33.67,37.2 3 0
github.com/Razzle131/dungeon-challenge/core/mocks/mock.go:40.65,42.2 1 0
github.com/Razzle131/dungeon-challenge/core/mocks/mock.go:45.62,51.2 5 0
github.com/Razzle131/dungeon-challenge/core/mocks/mock.go:54.68,57.2 2 0
github.com/Razzle131/dungeon-challenge/core/mocks/mock.go:72.77,76.2 3 0
github.com/Razzle131/dungeon-challenge/core/mocks/mock.go:79.75,81.2 1 0
github.com/Razzle131/dungeon-challenge/core/mocks/mock.go:84.99,90.2 5 0
github.com/Razzle131/dungeon-challenge/core/mocks/mock.go:93.80,96.2 2 0
github.com/Razzle131/dungeon-challenge/core/mocks/mock.go:99.81,104.2 4 0
github.com/Razzle131/dungeon-challenge/core/mocks/mock.go:107.81,110.2 2 0
github.com/Razzle131/dungeon-challenge/core/mocks/mock.go:113.96,119.2 5 0
github.com/Razzle131/dungeon-challenge/core/mocks/mock.go:122.85,125.2 2 0
github.com/Razzle131/dungeon-challenge/core/mocks/mock.go:128.87,133.2 4 0
github.com/Razzle131/dungeon-challenge/core/mocks/mock.go:136.83,139.2 2 0
github.com/Razzle131/dungeon-challenge/core/mocks/mock.go:154.59,158.2 3 0
github.com/Razzle131/dungeon-challenge/core/mocks/mock.go:161.57,163.2 1 0
github.com/Razzle131/dungeon-challenge/core/mocks/mock.go:166.62,169.2 2 0
github.com/Razzle131/dungeon-challenge/core/mocks/mock.go:172.81,175.2 2 0
github.com/Razzle131/dungeon-challenge/core/mocks/mock.go:178.55,181.2 2 0
github.com/Razzle131/dungeon-challenge/core/mocks/mock.go:184.74,187.2 2 0
github.com/Razzle131/dungeon-challenge/core/mocks/mock.go:190.52,193.2 2 0
github.com/Razzle131/dungeon-challenge/core/mocks/mock.go:196.71,199.2 2 0
github.com/Razzle131/dungeon-challenge/core/mocks/mock.go:202.60,205.2 2 0
github.com/Razzle131/dungeon-challenge/core/mocks/mock.go:208.79,211.2 2 0
github.com/Razzle131/dungeon-challenge/core/mocks/mock.go:214.53,217.2 2 0
github.com/Razzle131/dungeon-challenge/core/mocks/mock.go:220.72,223.2 2 0
github.com/Razzle131/dungeon-challenge/core/mocks/mock.go:226.57,229.2 2 0
github.com/Razzle131/dungeon-challenge/core/mocks/mock.go:232.76,235.2 2 0
github.com/Razzle131/dungeon-challenge/core/mocks/mock.go:238.54,241.2 2 0
github.com/Razzle131/dungeon-challenge/core/mocks/mock.go:244.73,247.2 2 0
github.com/Razzle131/dungeon-challenge/core/mocks/mock.go:250.62,253.2 2 0
github.com/Razzle131/dungeon-challenge/core/mocks/mock.go:256.81,259.2 2 0
github.com/Razzle131/dungeon-challenge/core/mocks/mock.go:262.56,265.2 2 0
github.com/Razzle131/dungeon-challenge/core/mocks/mock.go:268.75,271.2 2 0
github.com/Razzle131/dungeon-challenge/core/mocks/mock.go:274.59,277.2 2 0
github.com/Razzle131/dungeon-challenge/core/mocks/mock.go:280.78,283.2 2 0
github.com/Razzle131/dungeon-challenge/core/mocks/mock.go:286.52,289.2 2 0
github.com/Razzle131/dungeon-challenge/core/mocks/mock.go:292.71,295.2 2 0
github.com/Razzle131/dungeon-challenge/core/mocks/mock.go:298.57,301.2 2 0
github.com/Razzle131/dungeon-challenge/core/mocks/mock.go:304.76,307.2 2 0
github.com/Razzle131/dungeon-challenge/core/mocks/mock.go:310.57,313.2 2 0
github.com/Razzle131/dungeon-challenge/core/mocks/mock.go:316.76,319.2 2 0
github.com/Razzle131/dungeon-challenge/core/mocks/mock.go:322.56,325.2 2 0
github.com/Razzle131/dungeon-challenge/core/mocks/mock.go:328.75,331.2 2 0
github.com/Razzle131/dungeon-challenge/core/models.go:27.45,41.39 2 0
github.com/Razzle131/dungeon-challenge/core/models.go:41.39,44.3 2 0
github.com/Razzle131/dungeon-challenge/core/models.go:46.2,46.12 1 0
github.com/Razzle131/dungeon-challenge/core/service.go:31.109,44.2 1 56
github.com/Razzle131/dungeon-challenge/core/service.go:46.54,49.39 3 0
github.com/Razzle131/dungeon-challenge/core/service.go:49.39,52.34 3 0
github.com/Razzle131/dungeon-challenge/core/service.go:52.34,55.4 1 0
github.com/Razzle131/dungeon-challenge/core/service.go:55.9,55.24 1 0
github.com/Razzle131/dungeon-challenge/core/service.go:55.24,56.12 1 0
github.com/Razzle131/dungeon-challenge/core/service.go:59.3,63.56 4 0
github.com/Razzle131/dungeon-challenge/core/service.go:63.56,65.4 1 0
github.com/Razzle131/dungeon-challenge/core/service.go:68.2,71.33 3 0
github.com/Razzle131/dungeon-challenge/core/service.go:71.33,73.3 1 0
github.com/Razzle131/dungeon-challenge/core/service.go:76.81,78.23 2 0
github.com/Razzle131/dungeon-challenge/core/service.go:79.21,80.86 1 0
github.com/Razzle131/dungeon-challenge/core/service.go:81.18,82.88 1 0
github.com/Razzle131/dungeon-challenge/core/service.go:83.24,84.93 1 0
github.com/Razzle131/dungeon-challenge/core/service.go:85.22,86.93 1 0
github.com/Razzle131/dungeon-challenge/core/service.go:87.22,88.93 1 0
github.com/Razzle131/dungeon-challenge/core/service.go:89.22,90.89 1 0
github.com/Razzle131/dungeon-challenge/core/service.go:91.21,92.88 1 0
github.com/Razzle131/dungeon-challenge/core/service.go:93.17,94.85 1 0
github.com/Razzle131/dungeon-challenge/core/service.go:95.27,96.98 1 0
github.com/Razzle131/dungeon-challenge/core/service.go:97.19,99.10 2 0
github.com/Razzle131/dungeon-challenge/core/service.go:99.10,100.9 1 0
github.com/Razzle131/dungeon-challenge/core/service.go:103.3,104.17 2 0
github.com/Razzle131/dungeon-challenge/core/service.go:104.17,106.4 1 0
github.com/Razzle131/dungeon-challenge/core/service.go:107.20,109.10 2 0
github.com/Razzle131/dungeon-challenge/core/service.go:109.10,110.9 1 0
github.com/Razzle131/dungeon-challenge/core/service.go:113.3,114.17 2 0
github.com/Razzle131/dungeon-challenge/core/service.go:114.17,116.4 1 0
github.com/Razzle131/dungeon-challenge/core/service.go:117.3,117.13 1 0
github.com/Razzle131/dungeon-challenge/core/service.go:117.13,119.4 1 0
github.com/Razzle131/dungeon-challenge/core/service.go:122.2,122.39 1 0
github.com/Razzle131/dungeon-challenge/core/service.go:122.39,124.3 1 0
github.com/Razzle131/dungeon-challenge/core/service.go:126.2,126.43 1 0
github.com/Razzle131/dungeon-challenge/core/service.go:126.43,128.3 1 0
github.com/Razzle131/dungeon-challenge/core/service.go:131.160,133.16 2 0
github.com/Razzle131/dungeon-challenge/core/service.go:133.16,136.3 1 0
github.com/Razzle131/dungeon-challenge/core/service.go:137.2,138.12 2 0
github.com/Razzle131/dungeon-challenge/core/service.go:141.91,142.42 1 3
github.com/Razzle131/dungeon-challenge/core/service.go:142.42,144.3 1 1
github.com/Razzle131/dungeon-challenge/core/service.go:146.2,146.42 1 2
github.com/Razzle131/dungeon-challenge/core/service.go:146.42,148.3 1 1
github.com/Razzle131/dungeon-challenge/core/service.go:150.2,152.33 3 1
github.com/Razzle131/dungeon-challenge/core/service.go:152.33,155.3 2 0
github.com/Razzle131/dungeon-challenge/core/service.go:156.2,156.16 1 1
github.com/Razzle131/dungeon-challenge/core/service.go:156.16,158.3 1 0
github.com/Razzle131/dungeon-challenge/core/service.go:160.2,160.12 1 1
github.com/Razzle131/dungeon-challenge/core/service.go:163.96,165.16 2 4
github.com/Razzle131/dungeon-challenge/core/service.go:165.16,167.3 1 3
github.com/Razzle131/dungeon-challenge/core/service.go:169.2,176.33 7 1
github.com/Razzle131/dungeon-challenge/core/service.go:176.33,179.3 2 0
github.com/Razzle131/dungeon-challenge/core/service.go:180.2,180.16 1 1
github.com/Razzle131/dungeon-challenge/core/service.go:180.16,182.3 1 0
github.com/Razzle131/dungeon-challenge/core/service.go:184.2,184.12 1 1
github.com/Razzle131/dungeon-challenge/core/service.go:187.95,189.16 2 6
github.com/Razzle131/dungeon-challenge/core/service.go:189.16,191.3 1 3
github.com/Razzle131/dungeon-challenge/core/service.go:193.2,193.48 1 3
github.com/Razzle131/dungeon-challenge/core/service.go:193.48,195.3 1 1
github.com/Razzle131/dungeon-challenge/core/service.go:197.2,197.50 1 2
github.com/Razzle131/dungeon-challenge/core/service.go:197.50,199.3 1 1
github.com/Razzle131/dungeon-challenge/core/service.go:201.2,202.50 2 1
github.com/Razzle131/dungeon-challenge/core/service.go:202.50,205.3 2 1
github.com/Razzle131/dungeon-challenge/core/service.go:207.2,208.33 2 1
github.com/Razzle131/dungeon-challenge/core/service.go:208.33,211.3 2 0
github.com/Razzle131/dungeon-challenge/core/service.go:212.2,212.16 1 1
github.com/Razzle131/dungeon-challenge/core/service.go:212.16,214.3 1 0
github.com/Razzle131/dungeon-challenge/core/service.go:216.2,216.12 1 1
github.com/Razzle131/dungeon-challenge/core/service.go:219.97,221.16 2 6
github.com/Razzle131/dungeon-challenge/core/service.go:221.16,223.3 1 3
github.com/Razzle131/dungeon-challenge/core/service.go:225.2,225.45 1 3
github.com/Razzle131/dungeon-challenge/core/service.go:225.45,227.3 1 1
github.com/Razzle131/dungeon-challenge/core/service.go:229.2,230.49 2 2
github.com/Razzle131/dungeon-challenge/core/service.go:230.49,233.3 2 2
github.com/Razzle131/dungeon-challenge/core/service.go:235.2,235.143 1 2
github.com/Razzle131/dungeon-challenge/core/service.go:235.143,238.3 2 1
github.com/Razzle131/dungeon-challenge/core/service.go:240.2,241.33 2 2
github.com/Razzle131/dungeon-challenge/core/service.go:241.33,244.3 2 0
github.com/Razzle131/dungeon-challenge/core/service.go:245.2,245.16 1 2
github.com/Razzle131/dungeon-challenge/core/service.go:245.16,247.3 1 0
github.com/Razzle131/dungeon-challenge/core/service.go:249.2,249.12 1 2
github.com/Razzle131/dungeon-challenge/core/service.go:252.97,254.16 2 5
github.com/Razzle131/dungeon-challenge/core/service.go:254.16,256.3 1 3
github.com/Razzle131/dungeon-challenge/core/service.go:258.2,258.26 1 2
github.com/Razzle131/dungeon-challenge/core/service.go:258.26,260.3 1 1
github.com/Razzle131/dungeon-challenge/core/service.go:262.2,264.33 3 1
github.com/Razzle131/dungeon-challenge/core/service.go:264.33,267.3 2 0
github.com/Razzle131/dungeon-challenge/core/service.go:268.2,268.16 1 1
github.com/Razzle131/dungeon-challenge/core/service.go:268.16,270.3 1 0
github.com/Razzle131/dungeon-challenge/core/service.go:272.2,272.12 1 1
github.com/Razzle131/dungeon-challenge/core/service.go:275.93,277.16 2 4
github.com/Razzle131/dungeon-challenge/core/service.go:277.16,279.3 1 3
github.com/Razzle131/dungeon-challenge/core/service.go:281.2,285.33 4 1
github.com/Razzle131/dungeon-challenge/core/service.go:285.33,288.3 2 0
github.com/Razzle131/dungeon-challenge/core/service.go:289.2,289.16 1 1
github.com/Razzle131/dungeon-challenge/core/service.go:289.16,291.3 1 0
github.com/Razzle131/dungeon-challenge/core/service.go:293.2,293.12 1 1
github.com/Razzle131/dungeon-challenge/core/service.go:296.93,298.16 2 6
github.com/Razzle131/dungeon-challenge/core/service.go:298.16,300.3 1 3
github.com/Razzle131/dungeon-challenge/core/service.go:302.2,302.49 1 3
github.com/Razzle131/dungeon-challenge/core/service.go:302.49,304.3 1 1
github.com/Razzle131/dungeon-challenge/core/service.go:306.2,306.47 1 2
github.com/Razzle131/dungeon-challenge/core/service.go:306.47,308.3 1 1
github.com/Razzle131/dungeon-challenge/core/service.go:310.2,314.33 4 1
github.com/Razzle131/dungeon-challenge/core/service.go:314.33,317.3 2 0
github.com/Razzle131/dungeon-challenge/core/service.go:318.2,318.16 1 1
github.com/Razzle131/dungeon-challenge/core/service.go:318.16,320.3 1 0
github.com/Razzle131/dungeon-challenge/core/service.go:322.2,322.12 1 1
github.com/Razzle131/dungeon-challenge/core/service.go:325.94,327.16 2 5
github.com/Razzle131/dungeon-challenge/core/service.go:327.16,329.3 1 3
github.com/Razzle131/dungeon-challenge/core/service.go:331.2,332.38 2 2
github.com/Razzle131/dungeon-challenge/core/service.go:332.38,333.24 1 2
github.com/Razzle131/dungeon-challenge/core/service.go:333.24,335.9 2 1
github.com/Razzle131/dungeon-challenge/core/service.go:339.2,342.33 3 2
github.com/Razzle131/dungeon-challenge/core/service.go:342.33,345.3 2 0
github.com/Razzle131/dungeon-challenge/core/service.go:346.2,346.16 1 2
github.com/Razzle131/dungeon-challenge/core/service.go:346.16,348.3 1 0
github.com/Razzle131/dungeon-challenge/core/service.go:350.2,350.12 1 2
github.com/Razzle131/dungeon-challenge/core/service.go:353.97,355.16 2 5
github.com/Razzle131/dungeon-challenge/core/service.go:355.16,357.3 1 3
github.com/Razzle131/dungeon-challenge/core/service.go:359.2,363.33 4 2
github.com/Razzle131/dungeon-challenge/core/service.go:363.33,366.3 2 0
github.com/Razzle131/dungeon-challenge/core/service.go:367.2,367.16 1 2
github.com/Razzle131/dungeon-challenge/core/service.go:367.16,369.3 1 0
github.com/Razzle131/dungeon-challenge/core/service.go:371.2,371.12 1 2
github.com/Razzle131/dungeon-challenge/core/service.go:374.101,376.16 2 6
github.com/Razzle131/dungeon-challenge/core/service.go:376.16,378.3 1 3
github.com/Razzle131/dungeon-challenge/core/service.go:380.2,380.16 1 3
github.com/Razzle131/dungeon-challenge/core/service.go:380.16,382.3 1 1
github.com/Razzle131/dungeon-challenge/core/service.go:384.2,387.33 3 2
github.com/Razzle131/dungeon-challenge/core/service.go:387.33,390.3 2 0
github.com/Razzle131/dungeon-challenge/core/service.go:391.2,391.16 1 2
github.com/Razzle131/dungeon-challenge/core/service.go:391.16,393.3 1 0
github.com/Razzle131/dungeon-challenge/core/service.go:395.2,395.12 1 2
github.com/Razzle131/dungeon-challenge/core/service.go:398.110,400.16 2 6
github.com/Razzle131/dungeon-challenge/core/service.go:400.16,402.3 1 3
github.com/Razzle131/dungeon-challenge/core/service.go:404.2,404.16 1 3
github.com/Razzle131/dungeon-challenge/core/service.go:404.16,406.3 1 1
github.com/Razzle131/dungeon-challenge/core/service.go:408.2,410.26 3 2
github.com/Razzle131/dungeon-challenge/core/service.go:410.26,414.3 3 1
github.com/Razzle131/dungeon-challenge/core/service.go:416.2,417.33 2 2
github.com/Razzle131/dungeon-challenge/core/service.go:417.33,420.3 2 0
github.com/Razzle131/dungeon-challenge/core/service.go:421.2,421.16 1 2
github.com/Razzle131/dungeon-challenge/core/service.go:421.16,423.3 1 0
github.com/Razzle131/dungeon-challenge/core/service.go:425.2,425.20 1 2
github.com/Razzle131/dungeon-challenge/core/service.go:428.66,431.16 3 10
github.com/Razzle131/dungeon-challenge/core/service.go:431.16,433.3 1 0
github.com/Razzle131/dungeon-challenge/core/service.go:436.113,437.42 1 53
github.com/Razzle131/dungeon-challenge/core/service.go:437.42,439.3 1 10
github.com/Razzle131/dungeon-challenge/core/service.go:441.2,441.42 1 43
github.com/Razzle131/dungeon-challenge/core/service.go:441.42,444.3 2 10
github.com/Razzle131/dungeon-challenge/core/service.go:446.2,446.77 1 33
github.com/Razzle131/dungeon-challenge/core/service.go:446.77,448.3 1 0
github.com/Razzle131/dungeon-challenge/core/service.go:450.2,450.59 1 33
github.com/Razzle131/dungeon-challenge/core/service.go:450.59,452.3 1 10
github.com/Razzle131/dungeon-challenge/core/service.go:454.2,454.12 1 23
github.com/Razzle131/dungeon-challenge/core/service.go:457.56,458.35 1 0
github.com/Razzle131/dungeon-challenge/core/service.go:458.35,460.3 1 0
github.com/Razzle131/dungeon-challenge/core/service.go:462.2,462.69 1 0
github.com/Razzle131/dungeon-challenge/core/service.go:462.69,464.3 1 0
github.com/Razzle131/dungeon-challenge/core/service.go:466.2,477.33 4 0
github.com/Razzle131/dungeon-challenge/core/service.go:477.33,478.45 1 0
github.com/Razzle131/dungeon-challenge/core/service.go:478.45,481.4 2 0
github.com/Razzle131/dungeon-challenge/core/service.go:482.3,482.44 1 0
github.com/Razzle131/dungeon-challenge/core/service.go:482.44,484.4 1 0
github.com/Razzle131/dungeon-challenge/core/service.go:487.2,487.25 1 0
github.com/Razzle131/dungeon-challenge/core/service.go:487.25,489.3 1 0
github.com/Razzle131/dungeon-challenge/core/service.go:491.2,491.12 1 0
